<<<<<<< HEAD
217203
=======
217391
>>>>>>> d2ff0a0 (Add snapshots for vote and propose)
