<<<<<<< HEAD
207732
=======
207901
>>>>>>> d2ff0a0 (Add snapshots for vote and propose)
