<<<<<<< HEAD
295503
=======
367391
>>>>>>> 5f7d455 (feat: use uups proxy for space  (#84))
