<<<<<<< HEAD
221294
=======
221451
>>>>>>> d2ff0a0 (Add snapshots for vote and propose)
