<<<<<<< HEAD
80286
=======
80235
>>>>>>> d2ff0a0 (Add snapshots for vote and propose)
