<<<<<<< HEAD
66348
=======
66289
>>>>>>> d2ff0a0 (Add snapshots for vote and propose)
