<<<<<<< HEAD
60014
=======
81558
>>>>>>> 5f7d455 (feat: use uups proxy for space  (#84))
