<<<<<<< HEAD
93452
=======
93397
>>>>>>> d2ff0a0 (Add snapshots for vote and propose)
